// Jest Snapshot v1, https://goo.gl/fbAQLP

exports[`should render ExpenseListItem with expenses 1`] = `
<div>
  <Link
    replace={false}
    to="/edit/1"
  >
    <b>
      Gum
    </b>
    <br />
  </Link>
  Amount: 
  195
  <br />
  Created At: 
  0
  <br />
</div>
`;
